-- The CXX compiler identification is GNU 11.4.0
-- Detecting CXX compiler ABI info
-- Detecting CXX compiler ABI info - done
-- Check for working CXX compiler: /usr/bin/c++ - skipped
-- Detecting CXX compile features
-- Detecting CXX compile features - done
-- The CUDA compiler identification is NVIDIA 12.9.86 with host compiler GNU 11.4.0
-- Detecting CUDA compiler ABI info
-- Detecting CUDA compiler ABI info - done
-- Check for working CUDA compiler: /usr/local/cuda/bin/nvcc - skipped
-- Detecting CUDA compile features
-- Detecting CUDA compile features - done
-- Found CUDAToolkit: /usr/local/cuda/targets/x86_64-linux/include (found version "12.9.86")
-- Performing Test CMAKE_HAVE_LIBC_PTHREAD
-- Performing Test CMAKE_HAVE_LIBC_PTHREAD - Success
-- Found Threads: TRUE
-- Strata: CUDA enabled, arch 70
-- strata: pack/full/experts.bin absent - the expert arena load test is NOT registered
-- The C compiler identification is GNU 11.4.0
-- Detecting C compiler ABI info
-- Detecting C compiler ABI info - done
-- Check for working C compiler: /usr/bin/cc - skipped
-- Detecting C compile features
-- Detecting C compile features - done
CMake Warning (author) at .venv/lib/python3.10/site-packages/cmake/data/share/cmake-4.4/Modules/FetchContent.cmake:1968 (message):
  Calling FetchContent_Populate(strata_llamacpp) is deprecated, call
  FetchContent_MakeAvailable(strata_llamacpp) instead.  Policy CMP0169 can be
  set to OLD to allow FetchContent_Populate(strata_llamacpp) to be called
  directly for now, but the ability to call it with declared details will be
  removed completely in a future version.
Call Stack (most recent call first):
  CMakeLists.txt:502 (FetchContent_Populate)
This warning is for project developers.  Use -Wno-author to suppress it.

-- The ASM compiler identification is GNU
-- Found assembler: /usr/bin/cc
-- Warning: ccache not found - consider installing it for faster compilation or disable this warning with GGML_CCACHE=OFF
-- CMAKE_SYSTEM_PROCESSOR: x86_64
-- GGML_SYSTEM_ARCH: x86
-- Including CPU backend
-- x86 detected
-- Adding CPU backend variant ggml-cpu: -march=native 
-- ggml version: 0.24.0
-- ggml commit:  3cf03257f
-- Configuring done (11.3s)
-- Generating done (0.2s)
-- Build files have been written to: /home/noorazman/dsh/strata/Strata/build-sm70
[1/162] Building CXX object CMakeFiles/strata_core.dir/src/platform/memory.cpp.o
[2/162] Building CXX object CMakeFiles/strata-load.dir/src/core/load_main.cpp.o
[3/162] Building CXX object CMakeFiles/strata_core.dir/src/core/layout.cpp.o
[4/162] Building CUDA object CMakeFiles/strata_kernels.dir/src/kernels/cuda/rope.cu.o
nvcc warning : Support for offline compilation for architectures prior to '<compute/sm/lto>_75' will be removed in a future release (Use -Wno-deprecated-gpu-targets to suppress warning).
[5/162] Building CXX object CMakeFiles/strata-plan.dir/src/plan/plan_main.cpp.o
[6/162] Building CXX object CMakeFiles/strata-overlap.dir/src/core/overlap_main.cpp.o
[7/162] Linking CXX executable strata-plan
[8/162] Building CUDA object CMakeFiles/strata_kernels.dir/src/kernels/cuda/dequant_s2.cu.o
nvcc warning : Support for offline compilation for architectures prior to '<compute/sm/lto>_75' will be removed in a future release (Use -Wno-deprecated-gpu-targets to suppress warning).
[9/162] Building CXX object CMakeFiles/strata-device.dir/src/core/device_main.cpp.o
[10/162] Building CUDA object CMakeFiles/strata_kernels.dir/src/kernels/cuda/bf16_gemv.cu.o
nvcc warning : Support for offline compilation for architectures prior to '<compute/sm/lto>_75' will be removed in a future release (Use -Wno-deprecated-gpu-targets to suppress warning).
[11/162] Building CUDA object CMakeFiles/strata_kernels.dir/src/kernels/cuda/sampler.cu.o
nvcc warning : Support for offline compilation for architectures prior to '<compute/sm/lto>_75' will be removed in a future release (Use -Wno-deprecated-gpu-targets to suppress warning).
[12/162] Building CUDA object CMakeFiles/strata_kernels.dir/src/kernels/cuda/router_top10.cu.o
nvcc warning : Support for offline compilation for architectures prior to '<compute/sm/lto>_75' will be removed in a future release (Use -Wno-deprecated-gpu-targets to suppress warning).
[13/162] Building CUDA object CMakeFiles/strata_kernels.dir/src/kernels/cuda/quantize_act.cu.o
nvcc warning : Support for offline compilation for architectures prior to '<compute/sm/lto>_75' will be removed in a future release (Use -Wno-deprecated-gpu-targets to suppress warning).
[14/162] Building CUDA object CMakeFiles/strata_kernels.dir/src/kernels/cuda/s2_gemv_fast.cu.o
nvcc warning : Support for offline compilation for architectures prior to '<compute/sm/lto>_75' will be removed in a future release (Use -Wno-deprecated-gpu-targets to suppress warning).
[15/162] Building CUDA object CMakeFiles/strata_kernels.dir/src/kernels/cuda/elementwise.cu.o
nvcc warning : Support for offline compilation for architectures prior to '<compute/sm/lto>_75' will be removed in a future release (Use -Wno-deprecated-gpu-targets to suppress warning).
[16/162] Building CUDA object CMakeFiles/strata_kernels.dir/src/kernels/cuda/gdn.cu.o
nvcc warning : Support for offline compilation for architectures prior to '<compute/sm/lto>_75' will be removed in a future release (Use -Wno-deprecated-gpu-targets to suppress warning).
/home/noorazman/dsh/strata/Strata/src/kernels/cuda/gdn.cu(35): warning #177-D: function "strata::kernels::<unnamed>::softplus_f" was declared but never referenced
                            float softplus_f(float x) { return x > 20.0f ? x : log1pf(expf(x)); }
                                  ^

Remark: The warnings can be suppressed with "-diag-suppress <warning-number>"

[17/162] Building CUDA object CMakeFiles/strata_kernels.dir/src/kernels/cuda/s2_gemv.cu.o
nvcc warning : Support for offline compilation for architectures prior to '<compute/sm/lto>_75' will be removed in a future release (Use -Wno-deprecated-gpu-targets to suppress warning).
[18/162] Building CXX object CMakeFiles/strata-concurrent.dir/src/core/concurrent_main.cpp.o
[19/162] Building CUDA object CMakeFiles/strata_kernels.dir/src/kernels/cuda/s2_gemv_q8.cu.o
nvcc warning : Support for offline compilation for architectures prior to '<compute/sm/lto>_75' will be removed in a future release (Use -Wno-deprecated-gpu-targets to suppress warning).
[20/162] Building CUDA object CMakeFiles/strata_kernels.dir/src/kernels/cuda/s2_gemv_quads.cu.o
nvcc warning : Support for offline compilation for architectures prior to '<compute/sm/lto>_75' will be removed in a future release (Use -Wno-deprecated-gpu-targets to suppress warning).
/home/noorazman/dsh/strata/Strata/src/kernels/cuda/s2_gemv_quads.cu(31): warning #177-D: variable "strata::kernels::<unnamed>::CODES_PER_BYTE_S2" was declared but never referenced
  constexpr int CODES_PER_BYTE_S2 = 4;
                ^

Remark: The warnings can be suppressed with "-diag-suppress <warning-number>"

[21/162] Building CXX object CMakeFiles/strata_core.dir/src/core/weights.cpp.o
/home/noorazman/dsh/strata/Strata/src/core/weights.cpp: In member function ‘bool strata::core::WeightTable::load(const string&, void*, uint64_t, std::string&, const std::set<std::__cxx11::basic_string<char> >*)’:
/home/noorazman/dsh/strata/Strata/src/core/weights.cpp:144:51: warning: format ‘%llu’ expects argument of type ‘long long unsigned int*’, but argument 6 has type ‘uint64_t*’ {aka ‘long unsigned int*’} [-Wformat=]
  144 |                                   "%255s %d %d %llu %llu %llu %llu %lld %lld %d %d %d %d %d %llu %llu %llu %d %d",
      |                                                ~~~^
      |                                                   |
      |                                                   long long unsigned int*
      |                                                %lu
  145 |                                   name, &r.file, &kind, &r.src_off, &r.src_bytes, &r.dst_off, &r.dst_bytes,
      |                                                         ~~~~~~~~~~
      |                                                         |
      |                                                         uint64_t* {aka long unsigned int*}
/home/noorazman/dsh/strata/Strata/src/core/weights.cpp:144:56: warning: format ‘%llu’ expects argument of type ‘long long unsigned int*’, but argument 7 has type ‘uint64_t*’ {aka ‘long unsigned int*’} [-Wformat=]
  144 |                                   "%255s %d %d %llu %llu %llu %llu %lld %lld %d %d %d %d %d %llu %llu %llu %d %d",
      |                                                     ~~~^
      |                                                        |
      |                                                        long long unsigned int*
      |                                                     %lu
  145 |                                   name, &r.file, &kind, &r.src_off, &r.src_bytes, &r.dst_off, &r.dst_bytes,
      |                                                                     ~~~~~~~~~~~~
      |                                                                     |
      |                                                                     uint64_t* {aka long unsigned int*}
/home/noorazman/dsh/strata/Strata/src/core/weights.cpp:144:61: warning: format ‘%llu’ expects argument of type ‘long long unsigned int*’, but argument 8 has type ‘uint64_t*’ {aka ‘long unsigned int*’} [-Wformat=]
  144 |                                   "%255s %d %d %llu %llu %llu %llu %lld %lld %d %d %d %d %d %llu %llu %llu %d %d",
      |                                                          ~~~^
      |                                                             |
      |                                                             long long unsigned int*
      |                                                          %lu
  145 |                                   name, &r.file, &kind, &r.src_off, &r.src_bytes, &r.dst_off, &r.dst_bytes,
      |                                                                                   ~~~~~~~~~~
      |                                                                                   |
      |                                                                                   uint64_t* {aka long unsigned int*}
/home/noorazman/dsh/strata/Strata/src/core/weights.cpp:144:66: warning: format ‘%llu’ expects argument of type ‘long long unsigned int*’, but argument 9 has type ‘uint64_t*’ {aka ‘long unsigned int*’} [-Wformat=]
  144 |                                   "%255s %d %d %llu %llu %llu %llu %lld %lld %d %d %d %d %d %llu %llu %llu %d %d",
      |                                                               ~~~^
      |                                                                  |
      |                                                                  long long unsigned int*
      |                                                               %lu
  145 |                                   name, &r.file, &kind, &r.src_off, &r.src_bytes, &r.dst_off, &r.dst_bytes,
      |                                                                                               ~~~~~~~~~~~~
      |                                                                                               |
      |                                                                                               uint64_t* {aka long unsigned int*}
/home/noorazman/dsh/strata/Strata/src/core/weights.cpp:144:71: warning: format ‘%lld’ expects argument of type ‘long long int*’, but argument 10 has type ‘int64_t*’ {aka ‘long int*’} [-Wformat=]
  144 |                                   "%255s %d %d %llu %llu %llu %llu %lld %lld %d %d %d %d %d %llu %llu %llu %d %d",
      |                                                                    ~~~^
      |                                                                       |
      |                                                                       long long int*
      |                                                                    %ld
  145 |                                   name, &r.file, &kind, &r.src_off, &r.src_bytes, &r.dst_off, &r.dst_bytes,
  146 |                                   &r.ne0, &r.ne1, &r.code_bits, &r.code_bias, &r.group_elems, &r.codebook,
      |                                   ~~~~~~                               
      |                                   |
      |                                   int64_t* {aka long int*}
/home/noorazman/dsh/strata/Strata/src/core/weights.cpp:144:76: warning: format ‘%lld’ expects argument of type ‘long long int*’, but argument 11 has type ‘int64_t*’ {aka ‘long int*’} [-Wformat=]
  144 |                                   "%255s %d %d %llu %llu %llu %llu %lld %lld %d %d %d %d %d %llu %llu %llu %d %d",
      |                                                                         ~~~^
      |                                                                            |
      |                                                                            long long int*
      |                                                                         %ld
  145 |                                   name, &r.file, &kind, &r.src_off, &r.src_bytes, &r.dst_off, &r.dst_bytes,
  146 |                                   &r.ne0, &r.ne1, &r.code_bits, &r.code_bias, &r.group_elems, &r.codebook,
      |                                           ~~~~~~                            
      |                                           |
      |                                           int64_t* {aka long int*}
/home/noorazman/dsh/strata/Strata/src/core/weights.cpp:144:96: warning: format ‘%llu’ expects argument of type ‘long long unsigned int*’, but argument 17 has type ‘uint64_t*’ {aka ‘long unsigned int*’} [-Wformat=]
  144 |                                   "%255s %d %d %llu %llu %llu %llu %lld %lld %d %d %d %d %d %llu %llu %llu %d %d",
      |                                                                                             ~~~^
      |                                                                                                |
      |                                                                                                long long unsigned int*
      |                                                                                             %lu
......
  147 |                                   &r.has_offset, &r.codes_bytes, &r.scales_bytes, &r.offset_bytes,
      |                                                  ~~~~~~~~~~~~~~                                 
      |                                                  |
      |                                                  uint64_t* {aka long unsigned int*}
/home/noorazman/dsh/strata/Strata/src/core/weights.cpp:144:101: warning: format ‘%llu’ expects argument of type ‘long long unsigned int*’, but argument 18 has type ‘uint64_t*’ {aka ‘long unsigned int*’} [-Wformat=]
  144 |                                   "%255s %d %d %llu %llu %llu %llu %lld %lld %d %d %d %d %d %llu %llu %llu %d %d",
      |                                                                                                  ~~~^
      |                                                                                                     |
      |                                                                                                     long long unsigned int*
      |                                                                                                  %lu
......
  147 |                                   &r.has_offset, &r.codes_bytes, &r.scales_bytes, &r.offset_bytes,
      |                                                                  ~~~~~~~~~~~~~~~                     
      |                                                                  |
      |                                                                  uint64_t* {aka long unsigned int*}
/home/noorazman/dsh/strata/Strata/src/core/weights.cpp:144:106: warning: format ‘%llu’ expects argument of type ‘long long unsigned int*’, but argument 19 has type ‘uint64_t*’ {aka ‘long unsigned int*’} [-Wformat=]
  144 |                                   "%255s %d %d %llu %llu %llu %llu %lld %lld %d %d %d %d %d %llu %llu %llu %d %d",
      |                                                                                                       ~~~^
      |                                                                                                          |
      |                                                                                                          long long unsigned int*
      |                                                                                                       %lu
......
  147 |                                   &r.has_offset, &r.codes_bytes, &r.scales_bytes, &r.offset_bytes,
      |                                                                                   ~~~~~~~~~~~~~~~         
      |                                                                                   |
      |                                                                                   uint64_t* {aka long unsigned int*}
[22/162] Building CUDA object CMakeFiles/strata_kernels.dir/src/kernels/cuda/qsa.cu.o
nvcc warning : Support for offline compilation for architectures prior to '<compute/sm/lto>_75' will be removed in a future release (Use -Wno-deprecated-gpu-targets to suppress warning).
[23/162] Building CUDA object CMakeFiles/strata_kernels.dir/src/kernels/cuda/native_gr_norm.cu.o
nvcc warning : Support for offline compilation for architectures prior to '<compute/sm/lto>_75' will be removed in a future release (Use -Wno-deprecated-gpu-targets to suppress warning).
[24/162] Building CUDA object CMakeFiles/strata_kernels.dir/src/kernels/cuda/shared_expert.cu.o
nvcc warning : Support for offline compilation for architectures prior to '<compute/sm/lto>_75' will be removed in a future release (Use -Wno-deprecated-gpu-targets to suppress warning).
/home/noorazman/dsh/strata/Strata/src/kernels/cuda/shared_expert.cu(71): warning #177-D: function "strata::kernels::<unnamed>::to_f16_kernel" was declared but never referenced
            void to_f16_kernel(const float* __restrict__ in, uint16_t* __restrict__ out, int n) {
                 ^

Remark: The warnings can be suppressed with "-diag-suppress <warning-number>"

[25/162] Building CUDA object CMakeFiles/strata_kernels.dir/src/kernels/cuda/kv_q8.cu.o
nvcc warning : Support for offline compilation for architectures prior to '<compute/sm/lto>_75' will be removed in a future release (Use -Wno-deprecated-gpu-targets to suppress warning).
[26/162] Building CUDA object CMakeFiles/strata_core.dir/src/core/device.cu.o
nvcc warning : Support for offline compilation for architectures prior to '<compute/sm/lto>_75' will be removed in a future release (Use -Wno-deprecated-gpu-targets to suppress warning).
[27/162] Building CXX object CMakeFiles/strata_spec.dir/src/spec/suffix_drafter.cpp.o
[28/162] Building CUDA object CMakeFiles/strata_kernels.dir/src/kernels/cuda/native_gdn_preprocess.cu.o
nvcc warning : Support for offline compilation for architectures prior to '<compute/sm/lto>_75' will be removed in a future release (Use -Wno-deprecated-gpu-targets to suppress warning).
[29/162] Building CXX object CMakeFiles/strata_core.dir/src/core/graph.cpp.o
[30/162] Building CXX object CMakeFiles/strata_kernels.dir/src/platform/direct_file.cpp.o
[31/162] Building CUDA object CMakeFiles/strata_kernels.dir/src/kernels/cuda/native_bf16.cu.o
nvcc warning : Support for offline compilation for architectures prior to '<compute/sm/lto>_75' will be removed in a future release (Use -Wno-deprecated-gpu-targets to suppress warning).
[32/162] Building CUDA object CMakeFiles/strata_kernels.dir/src/kernels/cuda/native_gr_postops.cu.o
nvcc warning : Support for offline compilation for architectures prior to '<compute/sm/lto>_75' will be removed in a future release (Use -Wno-deprecated-gpu-targets to suppress warning).
[33/162] Building CUDA object CMakeFiles/strata_kernels.dir/src/kernels/cuda/s2_expert_grouped.cu.o
nvcc warning : Support for offline compilation for architectures prior to '<compute/sm/lto>_75' will be removed in a future release (Use -Wno-deprecated-gpu-targets to suppress warning).
[34/162] Building CXX object CMakeFiles/strata-gguf.dir/src/artifact/gguf_reader.cpp.o
[35/162] Building CUDA object CMakeFiles/strata_kernels.dir/src/kernels/cuda/fused_gdn.cu.o
nvcc warning : Support for offline compilation for architectures prior to '<compute/sm/lto>_75' will be removed in a future release (Use -Wno-deprecated-gpu-targets to suppress warning).
[36/162] Building CUDA object CMakeFiles/strata_kernels.dir/src/kernels/cuda/native_gdn.cu.o
nvcc warning : Support for offline compilation for architectures prior to '<compute/sm/lto>_75' will be removed in a future release (Use -Wno-deprecated-gpu-targets to suppress warning).
[37/162] Linking CXX executable strata-gguf
[38/162] Building CUDA object CMakeFiles/strata_kernels.dir/src/kernels/cuda/s_gemv.cu.o
nvcc warning : Support for offline compilation for architectures prior to '<compute/sm/lto>_75' will be removed in a future release (Use -Wno-deprecated-gpu-targets to suppress warning).
[39/162] Building CUDA object CMakeFiles/strata_kernels.dir/src/kernels/cuda/qsa_select.cu.o
nvcc warning : Support for offline compilation for architectures prior to '<compute/sm/lto>_75' will be removed in a future release (Use -Wno-deprecated-gpu-targets to suppress warning).
[40/162] Building CXX object CMakeFiles/strata-dequant.dir/src/artifact/dequant.cpp.o
[41/162] Building CUDA object CMakeFiles/strata_kernels.dir/src/kernels/cuda/native_qsa.cu.o
nvcc warning : Support for offline compilation for architectures prior to '<compute/sm/lto>_75' will be removed in a future release (Use -Wno-deprecated-gpu-targets to suppress warning).
[42/162] Building CUDA object CMakeFiles/strata_kernels.dir/src/kernels/cuda/gr.cu.o
nvcc warning : Support for offline compilation for architectures prior to '<compute/sm/lto>_75' will be removed in a future release (Use -Wno-deprecated-gpu-targets to suppress warning).
/home/noorazman/dsh/strata/Strata/src/kernels/cuda/gr.cu(112): warning #177-D: function "strata::kernels::<unnamed>::block_sum" was declared but never referenced
            double block_sum(double v, double* scratch) {
                   ^

Remark: The warnings can be suppressed with "-diag-suppress <warning-number>"

[43/162] Building CXX object CMakeFiles/strata_engine.dir/src/core/expert_cache.cpp.o
[44/162] Linking CXX executable strata-dequant
[45/162] Building CUDA object CMakeFiles/strata_kernels.dir/src/kernels/cuda/native_rope.cu.o
nvcc warning : Support for offline compilation for architectures prior to '<compute/sm/lto>_75' will be removed in a future release (Use -Wno-deprecated-gpu-targets to suppress warning).
[46/162] Building CUDA object CMakeFiles/strata_kernels.dir/src/kernels/cuda/verify_kernels.cu.o
nvcc warning : Support for offline compilation for architectures prior to '<compute/sm/lto>_75' will be removed in a future release (Use -Wno-deprecated-gpu-targets to suppress warning).
[47/162] Building CUDA object CMakeFiles/strata_kernels.dir/src/kernels/cuda/native_moe.cu.o
nvcc warning : Support for offline compilation for architectures prior to '<compute/sm/lto>_75' will be removed in a future release (Use -Wno-deprecated-gpu-targets to suppress warning).
[48/162] Building CUDA object CMakeFiles/strata_kernels.dir/src/kernels/cuda/qsa_decode_attn.cu.o
nvcc warning : Support for offline compilation for architectures prior to '<compute/sm/lto>_75' will be removed in a future release (Use -Wno-deprecated-gpu-targets to suppress warning).
[49/162] Building CUDA object CMakeFiles/strata_kernels.dir/src/kernels/cuda/native_router.cu.o
nvcc warning : Support for offline compilation for architectures prior to '<compute/sm/lto>_75' will be removed in a future release (Use -Wno-deprecated-gpu-targets to suppress warning).
[50/162] Building CXX object CMakeFiles/s2_gemv_parity.dir/src/kernels/s2_gemv_parity.cpp.o
[51/162] Building CUDA object CMakeFiles/strata_kernels.dir/src/kernels/cuda/native_ple_postops.cu.o
nvcc warning : Support for offline compilation for architectures prior to '<compute/sm/lto>_75' will be removed in a future release (Use -Wno-deprecated-gpu-targets to suppress warning).
[52/162] Building CUDA object CMakeFiles/strata_kernels.dir/src/kernels/cuda/ple.cu.o
nvcc warning : Support for offline compilation for architectures prior to '<compute/sm/lto>_75' will be removed in a future release (Use -Wno-deprecated-gpu-targets to suppress warning).
[53/162] Building CUDA object CMakeFiles/strata_kernels.dir/src/kernels/cuda/native_qsa_indexer.cu.o
nvcc warning : Support for offline compilation for architectures prior to '<compute/sm/lto>_75' will be removed in a future release (Use -Wno-deprecated-gpu-targets to suppress warning).
[54/162] Building CXX object CMakeFiles/s2_gemv_q8_parity.dir/src/kernels/s2_gemv_q8_parity.cpp.o
[55/162] Building CXX object CMakeFiles/dequant_s2_parity.dir/src/kernels/dequant_s2_parity.cpp.o
[56/162] Building CXX object CMakeFiles/strata_engine.dir/src/core/native_head.cpp.o
[57/162] Building CXX object CMakeFiles/s_gemv_q8k_parity.dir/src/kernels/s_gemv_q8k_parity.cpp.o
[58/162] Building CXX object CMakeFiles/iq_parity.dir/src/kernels/iq_parity.cpp.o
/home/noorazman/dsh/strata/Strata/src/kernels/iq_parity.cpp: In function ‘int main(int, char**)’:
/home/noorazman/dsh/strata/Strata/src/kernels/iq_parity.cpp:29:19: warning: ignoring return value of ‘size_t fread(void*, size_t, size_t, FILE*)’ declared with attribute ‘warn_unused_result’ [-Wunused-result]
   29 |         std::fread(hdr, 4, 3, f);
      |         ~~~~~~~~~~^~~~~~~~~~~~~~
/home/noorazman/dsh/strata/Strata/src/kernels/iq_parity.cpp:34:19: warning: ignoring return value of ‘size_t fread(void*, size_t, size_t, FILE*)’ declared with attribute ‘warn_unused_result’ [-Wunused-result]
   34 |         std::fread(ref.data(), 4, ref.size(), g);
      |         ~~~~~~~~~~^~~~~~~~~~~~~~~~~~~~~~~~~~~~~~
[59/162] Building CXX object CMakeFiles/rope_parity.dir/src/kernels/rope_parity.cpp.o
/home/noorazman/dsh/strata/Strata/src/kernels/rope_parity.cpp: In function ‘int main(int, char**)’:
/home/noorazman/dsh/strata/Strata/src/kernels/rope_parity.cpp:155:13: warning: variable ‘moved’ set but not used [-Wunused-but-set-variable]
  155 |         int moved[4] = {0, 0, 0, 0};       // dims 0, 1, half, half+1
      |             ^~~~~
[60/162] Building CXX object CMakeFiles/platform_memory_test.dir/src/platform/memory_test.cpp.o
[61/162] Building CXX object CMakeFiles/gdn_parity.dir/src/kernels/gdn_parity.cpp.o
/home/noorazman/dsh/strata/Strata/src/kernels/gdn_parity.cpp: In function ‘int main(int, char**)’:
/home/noorazman/dsh/strata/Strata/src/kernels/gdn_parity.cpp:244:14: warning: variable ‘to_ref_layout’ set but not used [-Wunused-but-set-variable]
  244 |         auto to_ref_layout = [&](const std::vector<float>& d) {
      |              ^~~~~~~~~~~~~
[62/162] Building CXX object CMakeFiles/sampler_parity.dir/src/kernels/sampler_parity.cpp.o
[63/162] Building CUDA object CMakeFiles/strata_kernels.dir/src/kernels/cuda/native_qsa_score.cu.o
nvcc warning : Support for offline compilation for architectures prior to '<compute/sm/lto>_75' will be removed in a future release (Use -Wno-deprecated-gpu-targets to suppress warning).
/home/noorazman/dsh/strata/Strata/src/kernels/cuda/native_qsa_score.cu(31): warning #177-D: variable "strata::kernels::<unnamed>::STRIDE" was declared but never referenced
  constexpr int D=128, HEADS=4, R=4, ROWS=32, WARPS=2, STRIDE=36, COMBINE=68;
                                                       ^

Remark: The warnings can be suppressed with "-diag-suppress <warning-number>"

/home/noorazman/dsh/strata/Strata/src/kernels/cuda/native_qsa_score.cu(31): warning #177-D: variable "strata::kernels::<unnamed>::COMBINE" was declared but never referenced
  constexpr int D=128, HEADS=4, R=4, ROWS=32, WARPS=2, STRIDE=36, COMBINE=68;
                                                                  ^

[64/162] Building CXX object CMakeFiles/bf16_gemv_parity.dir/src/kernels/bf16_gemv_parity.cpp.o
[65/162] Building CXX object CMakeFiles/strata_kernels.dir/src/kernels/ngram.cpp.o
[66/162] Building CXX object CMakeFiles/qsa_score_hostref_test.dir/src/kernels/qsa_score_hostref_test.cpp.o
[67/162] Building CXX object CMakeFiles/shared_expert_parity.dir/src/kernels/shared_expert_parity.cpp.o
[68/162] Building CXX object CMakeFiles/quantize_act_parity.dir/src/kernels/quantize_act_parity.cpp.o
[69/162] Building CXX object CMakeFiles/strata_spec.dir/src/spec/controller.cpp.o
[70/162] Building CXX object CMakeFiles/elementwise_parity.dir/src/kernels/elementwise_parity.cpp.o
[71/162] Building CXX object ggml/src/CMakeFiles/ggml-base.dir/ggml.cpp.o
[72/162] Building CXX object CMakeFiles/router_top10_parity.dir/src/kernels/router_top10_parity.cpp.o
[73/162] Building CXX object CMakeFiles/strata_engine.dir/src/core/expert_source.cpp.o
[74/162] Building CXX object CMakeFiles/strata_kernels_cpu.dir/src/kernels/cpu/q2_avx2.cpp.o
[75/162] Building CXX object CMakeFiles/gr_parity.dir/src/kernels/gr_parity.cpp.o
[76/162] Building CXX object CMakeFiles/strata_kernels.dir/src/ngram/ple_reader.cpp.o
[77/162] Building CXX object CMakeFiles/strata_engine.dir/src/core/native_dense.cpp.o
[78/162] Linking CXX static library libstrata_spec.a
[79/162] Building CXX object ggml/src/CMakeFiles/ggml-cpu.dir/ggml-cpu/hbm.cpp.o
[80/162] Building CXX object CMakeFiles/strata_engine.dir/src/core/layer.cpp.o
/home/noorazman/dsh/strata/Strata/src/core/layer.cpp: In function ‘bool strata::core::moe_layer(const strata::core::WeightTable&, const strata::core::ModelGeometry&, int64_t, int64_t, const strata::core::MoEBuffers&, const float*, const float*, float*, void*, std::string&, const strata::core::Doorbell*)’:
/home/noorazman/dsh/strata/Strata/src/core/layer.cpp:469:1: warning: this ‘if’ clause does not guard... [-Wmisleading-indentation]
  469 | if (!moe_route(tables, g, layer, k, b, x, stream, err, db)) return false;    return moe_finish(tables, g, layer, k, b, x, parts, out, stream, err);}
      | ^~
/home/noorazman/dsh/strata/Strata/src/core/layer.cpp:469:78: note: ...this statement, but the latter is misleadingly indented as if it were guarded by the ‘if’
  469 | if (!moe_route(tables, g, layer, k, b, x, stream, err, db)) return false;    return moe_finish(tables, g, layer, k, b, x, parts, out, stream, err);}
      |                                                                              ^~~~~~
/home/noorazman/dsh/strata/Strata/src/core/layer.cpp: In function ‘bool strata::core::qsa_layer(const strata::core::WeightTable&, const strata::core::ModelGeometry&, int64_t, int64_t, int32_t, const strata::core::QsaState&, const strata::core::QsaBuffers&, const float*, float*, void*, std::string&, float*)’:
/home/noorazman/dsh/strata/Strata/src/core/layer.cpp:678:1: warning: this ‘if’ clause does not guard... [-Wmisleading-indentation]
  678 | if (!gemv_quantized(*w_attnk, p_k, f_k, b.x_q8_0, b.x_q8k, b.kcur, g.n_embd, g.n_head_kv * g.head_dim,                        v.name("attn_k.weight"), stream, err, x)) return false;    if (!gemv_quantized(*w_attnv, p_v, f_v, b.x_q8_0, b.x_q8k, b.vcur, g.n_embd, g.n_head_kv * g.head_dim,                        v.name("attn_v.weight"), stream, err, x, w_attnk->native_data && w_attnv->native_data)) return false;    dump_slot(dump, g, layer, b.vcur,                            (uint64_t) 2 * g.n_embd + 2 * g.hc + (uint64_t) g.n_head * g.head_dim,                            (uint64_t) g.n_head_kv * g.head_dim, stream);    if (!normalize_rotate(b.kcur, w_kn, (int) g.n_head_kv, (int) g.head_dim)) return false;
      | ^~
/home/noorazman/dsh/strata/Strata/src/core/layer.cpp:678:186: note: ...this statement, but the latter is misleadingly indented as if it were guarded by the ‘if’
  678 | if (!gemv_quantized(*w_attnk, p_k, f_k, b.x_q8_0, b.x_q8k, b.kcur, g.n_embd, g.n_head_kv * g.head_dim,                        v.name("attn_k.weight"), stream, err, x)) return false;    if (!gemv_quantized(*w_attnv, p_v, f_v, b.x_q8_0, b.x_q8k, b.vcur, g.n_embd, g.n_head_kv * g.head_dim,                        v.name("attn_v.weight"), stream, err, x, w_attnk->native_data && w_attnv->native_data)) return false;    dump_slot(dump, g, layer, b.vcur,                            (uint64_t) 2 * g.n_embd + 2 * g.hc + (uint64_t) g.n_head * g.head_dim,                            (uint64_t) g.n_head_kv * g.head_dim, stream);    if (!normalize_rotate(b.kcur, w_kn, (int) g.n_head_kv, (int) g.head_dim)) return false;
      |                                                                                                                                                                                          ^~
/home/noorazman/dsh/strata/Strata/src/core/layer.cpp:745:5: warning: this ‘if’ clause does not guard... [-Wmisleading-indentation]
  745 |     if (!w_attno->native_data) quantize_q8_K(b.attn32, b.attn_q8k, g.n_head * g.head_dim, stream);    if (w_attno->native_data) {
      |     ^~
/home/noorazman/dsh/strata/Strata/src/core/layer.cpp:745:103: note: ...this statement, but the latter is misleadingly indented as if it were guarded by the ‘if’
  745 |     if (!w_attno->native_data) quantize_q8_K(b.attn32, b.attn_q8k, g.n_head * g.head_dim, stream);    if (w_attno->native_data) {
      |                                                                                                       ^~
/home/noorazman/dsh/strata/Strata/src/core/layer.cpp:630:774: warning: unused variable ‘n_bid’ [-Wunused-variable]
  630 | bool qsa_layer(const WeightTable& tables, const ModelGeometry& g, int64_t layer, int64_t pos, int32_t pos_base,               const QsaState& st, const QsaBuffers& b, const float* x, float* out, void* stream,               std::string& err, float* dump) {    using namespace strata::kernels;    const QsaShapes s = qsa_shapes(g);    const LayerView v(tables, layer);    const int64_t n_kv = pos + 1;    /* P7 audit: RoPE reads cos/sin row pos_base + pos, and the table holds max_cells rows. */    if ((int64_t) pos_base + pos >= st.max_cells || pos_base < 0) {        err = "qsa_layer: position " + std::to_string((long long) pos_base + pos) + " is outside the RoPE table (" + std::to_string((long long) st.max_cells) + " rows)";        return false;    }    const int64_t n_bid = n_kv / s.idx_block;    const int64_t width = qsa_selection_width(n_kv, s);    const int64_t cap = qsa_selection_width(kTopkMaxCells, s);
      |                                                                                                                                                                                                                                                                                                                                                                                                                                                                                                                                                                                                                                                                                                                                                                                                      ^~~~~
/home/noorazman/dsh/strata/Strata/src/core/layer.cpp:630:819: warning: unused variable ‘width’ [-Wunused-variable]
  630 | bool qsa_layer(const WeightTable& tables, const ModelGeometry& g, int64_t layer, int64_t pos, int32_t pos_base,               const QsaState& st, const QsaBuffers& b, const float* x, float* out, void* stream,               std::string& err, float* dump) {    using namespace strata::kernels;    const QsaShapes s = qsa_shapes(g);    const LayerView v(tables, layer);    const int64_t n_kv = pos + 1;    /* P7 audit: RoPE reads cos/sin row pos_base + pos, and the table holds max_cells rows. */    if ((int64_t) pos_base + pos >= st.max_cells || pos_base < 0) {        err = "qsa_layer: position " + std::to_string((long long) pos_base + pos) + " is outside the RoPE table (" + std::to_string((long long) st.max_cells) + " rows)";        return false;    }    const int64_t n_bid = n_kv / s.idx_block;    const int64_t width = qsa_selection_width(n_kv, s);    const int64_t cap = qsa_selection_width(kTopkMaxCells, s);
      |                                                                                                                                                                                                                                                                                                                                                                                                                                                                                                                                                                                                                                                                                                                                                                                                                                                   ^~~~~
/home/noorazman/dsh/strata/Strata/src/core/layer.cpp: In function ‘bool strata::core::block_layer_pre(const strata::core::WeightTable&, const strata::core::ModelGeometry&, int64_t, int64_t, int32_t, const strata::core::GdnBuffers&, const strata::core::QsaState&, const strata::core::QsaBuffers&, const strata::core::MoEBuffers&, int64_t, const strata::core::BlockBuffers&, void*, std::string&, const strata::core::Doorbell*, const strata::core::PleRun*, int, int)’:
/home/noorazman/dsh/strata/Strata/src/core/layer.cpp:929:23: warning: unused variable ‘hcd’ [-Wunused-variable]
  929 |         const int64_t hcd = strata::kernels::NG_HC_DIM;
      |                       ^~~
/home/noorazman/dsh/strata/Strata/src/core/layer.cpp: In function ‘bool strata::core::block_layer(const strata::core::WeightTable&, const strata::core::ModelGeometry&, int64_t, int64_t, int32_t, const strata::core::GdnBuffers&, const strata::core::QsaState&, const strata::core::QsaBuffers&, const strata::core::MoEBuffers&, int64_t, const strata::core::BlockBuffers&, const float*, void*, std::string&, const strata::core::Doorbell*, const strata::core::PleRun*)’:
/home/noorazman/dsh/strata/Strata/src/core/layer.cpp:1066:1: warning: this ‘if’ clause does not guard... [-Wmisleading-indentation]
 1066 | if (!block_layer_pre(tables, g, layer, pos, pos_base, gb, qst, qb, mb, k, bb, stream, err, db, ple))        return false;    return block_layer_post(tables, g, layer, k, mb, bb, parts, stream, err);}}
      | ^~
/home/noorazman/dsh/strata/Strata/src/core/layer.cpp:1066:126: note: ...this statement, but the latter is misleadingly indented as if it were guarded by the ‘if’
 1066 | if (!block_layer_pre(tables, g, layer, pos, pos_base, gb, qst, qb, mb, k, bb, stream, err, db, ple))        return false;    return block_layer_post(tables, g, layer, k, mb, bb, parts, stream, err);}}
      |                                                                                                                              ^~~~~~
[81/162] Building CUDA object CMakeFiles/strata_kernels.dir/src/kernels/cuda/dequant_bf16.cu.o
nvcc warning : Support for offline compilation for architectures prior to '<compute/sm/lto>_75' will be removed in a future release (Use -Wno-deprecated-gpu-targets to suppress warning).
[82/162] Building CXX object CMakeFiles/strata_engine.dir/src/core/session.cpp.o
[83/162] Building CUDA object CMakeFiles/strata_kernels.dir/src/kernels/cuda/native_flash_attn.cu.o
nvcc warning : Support for offline compilation for architectures prior to '<compute/sm/lto>_75' will be removed in a future release (Use -Wno-deprecated-gpu-targets to suppress warning).
[84/162] Building CXX object ggml/src/CMakeFiles/ggml-base.dir/ggml-threading.cpp.o
[85/162] Building CUDA object CMakeFiles/strata_kernels.dir/src/kernels/cuda/iq_kernels.cu.o
nvcc warning : Support for offline compilation for architectures prior to '<compute/sm/lto>_75' will be removed in a future release (Use -Wno-deprecated-gpu-targets to suppress warning).
[86/162] Building CXX object CMakeFiles/kv_q8_parity.dir/src/kernels/kv_q8_parity.cpp.o
[87/162] Building CXX object CMakeFiles/strata_kernels_cpu.dir/src/kernels/cpu/native_expert.cpp.o
[88/162] Building CXX object CMakeFiles/strata_engine.dir/src/core/mtp.cpp.o
[89/162] Building CXX object CMakeFiles/s_gemv_parity.dir/src/kernels/s_gemv_parity.cpp.o
[90/162] Building CXX object CMakeFiles/strata_kernels_cpu.dir/src/kernels/cpu/expert_layout.cpp.o
[91/162] Building CUDA object CMakeFiles/strata_core.dir/src/core/pinned.cu.o
nvcc warning : Support for offline compilation for architectures prior to '<compute/sm/lto>_75' will be removed in a future release (Use -Wno-deprecated-gpu-targets to suppress warning).
[92/162] Linking CXX static library libstrata_core.a
[93/162] Building C object ggml/src/CMakeFiles/ggml-base.dir/ggml-alloc.c.o
[94/162] Building CUDA object CMakeFiles/strata_kernels.dir/src/kernels/cuda/fused_gr.cu.o
nvcc warning : Support for offline compilation for architectures prior to '<compute/sm/lto>_75' will be removed in a future release (Use -Wno-deprecated-gpu-targets to suppress warning).
[95/162] Linking CXX executable platform_memory_test
[96/162] Building CXX object CMakeFiles/strata_prefill.dir/src/prefill/prefill.cpp.o
[97/162] Building CXX object ggml/src/CMakeFiles/ggml-cpu.dir/ggml-cpu/traits.cpp.o
[98/162] Building CUDA object CMakeFiles/strata_kernels.dir/src/kernels/cuda/moe_fused.cu.o
nvcc warning : Support for offline compilation for architectures prior to '<compute/sm/lto>_75' will be removed in a future release (Use -Wno-deprecated-gpu-targets to suppress warning).
[99/162] Building CUDA object CMakeFiles/strata_prefill.dir/src/prefill/kernels.cu.o
nvcc warning : Support for offline compilation for architectures prior to '<compute/sm/lto>_75' will be removed in a future release (Use -Wno-deprecated-gpu-targets to suppress warning).
[100/162] Linking CXX executable strata-device
[101/162] Building CXX object ggml/src/CMakeFiles/ggml-cpu.dir/ggml-cpu/amx/amx.cpp.o
[102/162] Building CXX object ggml/src/CMakeFiles/ggml-cpu.dir/ggml-cpu/vec.cpp.o
[103/162] Building CXX object CMakeFiles/strata_engine.dir/src/core/verify.cpp.o
/home/noorazman/dsh/strata/Strata/src/core/verify.cpp: In member function ‘bool strata::core::Verifier::run(int, const int32_t*, int64_t, strata::core::PoolMultiFn, void*, int32_t*, std::string&)’:
/home/noorazman/dsh/strata/Strata/src/core/verify.cpp:903:19: warning: capture of variable ‘vepoch’ with non-automatic storage duration
  903 |     auto track = [vepoch](std::vector<SlowLayer>& v, double ms, double t0, int l, int grp) {
      |                   ^~~~~~
/home/noorazman/dsh/strata/Strata/src/core/verify.cpp:837:23: note: ‘const std::chrono::time_point<std::chrono::_V2::steady_clock, std::chrono::duration<long int, std::ratio<1, 1000000000> > > vepoch’ declared here
  837 |     static const auto vepoch = std::chrono::steady_clock::now();
      |                       ^~~~~~
[104/162] Building C object ggml/src/CMakeFiles/ggml-cpu.dir/ggml-cpu/ggml-cpu.c.o
[105/162] Building CXX object CMakeFiles/ple_reader_test.dir/src/ngram/ple_reader_test.cpp.o
[106/162] Building CXX object ggml/src/CMakeFiles/ggml-cpu.dir/ggml-cpu/ggml-cpu.cpp.o
[107/162] Building CXX object CMakeFiles/strata_kernels_cpu.dir/src/kernels/cpu/pool.cpp.o
[108/162] Building C object ggml/src/CMakeFiles/ggml-cpu.dir/ggml-cpu/arch/x86/quants.c.o
[109/162] Building CXX object ggml/src/CMakeFiles/ggml-base.dir/ggml-opt.cpp.o
[110/162] Building CXX object ggml/src/CMakeFiles/ggml-cpu.dir/ggml-cpu/iqp.cpp.o
[111/162] Building CXX object ggml/src/CMakeFiles/ggml-cpu.dir/ggml-cpu/amx/mmq.cpp.o
[112/162] Building CXX object ggml/src/CMakeFiles/ggml-base.dir/ggml-backend.cpp.o
[113/162] Building CXX object CMakeFiles/native_expert_parity.dir/src/kernels/native_expert_parity.cpp.o
[114/162] Building C object ggml/src/CMakeFiles/ggml-cpu.dir/ggml-cpu/quants.c.o
[115/162] Building CXX object CMakeFiles/strata_kernels_cpu.dir/src/kernels/cpu/iq_avx2.cpp.o
[116/162] Building CXX object CMakeFiles/ple_parity.dir/src/kernels/ple_parity.cpp.o
/home/noorazman/dsh/strata/Strata/src/kernels/ple_parity.cpp:117:22: warning: ‘std::vector<unsigned char> {anonymous}::read_path(const char*)’ defined but not used [-Wunused-function]
  117 | std::vector<uint8_t> read_path(const char* path) {
      |                      ^~~~~~~~~
[117/162] Building C object ggml/src/CMakeFiles/ggml-base.dir/ggml.c.o
[118/162] Building CXX object ggml/src/CMakeFiles/ggml-cpu.dir/ggml-cpu/binary-ops.cpp.o
[119/162] Building CUDA object CMakeFiles/strata_prefill.dir/src/prefill/gemm.cu.o
nvcc warning : Support for offline compilation for architectures prior to '<compute/sm/lto>_75' will be removed in a future release (Use -Wno-deprecated-gpu-targets to suppress warning).
[120/162] Building CXX object CMakeFiles/strata_kernels_cpu.dir/src/kernels/cpu/expert.cpp.o
[121/162] Building CXX object ggml/src/CMakeFiles/ggml-cpu.dir/ggml-cpu/unary-ops.cpp.o
[122/162] Building CXX object CMakeFiles/strata_kernels_cpu.dir/src/kernels/cpu/iq_avx512.cpp.o
[123/162] Building CXX object ggml/src/CMakeFiles/ggml-cpu.dir/ggml-cpu/arch/x86/repack.cpp.o
[124/162] Building CXX object ggml/src/CMakeFiles/ggml-base.dir/ggml-backend-meta.cpp.o
[125/162] Building CXX object CMakeFiles/strata.dir/src/program/generate.cpp.o
/home/noorazman/dsh/strata/Strata/src/program/generate.cpp: In function ‘int main(int, char**)’:
/home/noorazman/dsh/strata/Strata/src/program/generate.cpp:2841:38: warning: format ‘%d’ expects argument of type ‘int’, but argument 3 has type ‘long int’ [-Wformat=]
 2841 |                 std::printf("%-24s l%d: ", half == 0 ? "dispatch per-layer" : " ", half * g.n_layers / 2);
      |                                     ~^                                             ~~~~~~~~~~~~~~~~~~~~~
      |                                      |                                                               |
      |                                      int                                                             long int
      |                                     %ld
/home/noorazman/dsh/strata/Strata/src/program/generate.cpp: At global scope:
/home/noorazman/dsh/strata/Strata/src/program/generate.cpp:443:5: warning: ‘int {anonymous}::argmax(const std::vector<float>&)’ defined but not used [-Wunused-function]
  443 | int argmax(const std::vector<float>& v) {
      |     ^~~~~~
[126/162] Building CXX object ggml/src/CMakeFiles/ggml-base.dir/gguf.cpp.o
[127/162] Building CXX object CMakeFiles/qsa_parity.dir/src/kernels/qsa_parity.cpp.o
[128/162] Building C object ggml/src/CMakeFiles/ggml-base.dir/ggml-quants.c.o
[129/162] Linking CXX static library ggml/src/libggml-base.a
[130/162] Building CXX object ggml/src/CMakeFiles/ggml-cpu.dir/ggml-cpu/repack.cpp.o
[131/162] Building CXX object ggml/src/CMakeFiles/ggml-cpu.dir/ggml-cpu/ops.cpp.o
[132/162] Linking CXX static library ggml/src/libggml-cpu.a
[133/162] Linking CXX static library libstrata_kernels_cpu.a
[134/162] Building CUDA object CMakeFiles/strata_kernels.dir/src/kernels/cuda/native_mmvq.cu.o
nvcc warning : Support for offline compilation for architectures prior to '<compute/sm/lto>_75' will be removed in a future release (Use -Wno-deprecated-gpu-targets to suppress warning).
[135/162] Linking CXX static library libstrata_kernels.a
[136/162] Linking CXX static library libstrata_engine.a
[137/162] Linking CXX static library libstrata_prefill.a
[138/162] Linking CXX executable dequant_s2_parity
[139/162] Linking CXX executable strata-load
[140/162] Linking CXX executable strata-concurrent
[141/162] Linking CXX executable kv_q8_parity
[142/162] Linking CXX executable ple_reader_test
[143/162] Linking CXX executable bf16_gemv_parity
[144/162] Linking CXX executable strata-overlap
[145/162] Linking CXX executable quantize_act_parity
[146/162] Linking CXX executable gdn_parity
[147/162] Linking CXX executable router_top10_parity
[148/162] Linking CXX executable sampler_parity
[149/162] Linking CXX executable s2_gemv_parity
[150/162] Linking CXX executable gr_parity
[151/162] Linking CXX executable s_gemv_q8k_parity
[152/162] Linking CXX executable rope_parity
[153/162] Linking CXX executable s_gemv_parity
[154/162] Linking CXX executable s2_gemv_q8_parity
[155/162] Linking CXX executable qsa_parity
[156/162] Linking CXX executable qsa_score_hostref_test
[157/162] Linking CXX executable elementwise_parity
[158/162] Linking CXX executable native_expert_parity
[159/162] Linking CXX executable shared_expert_parity
[160/162] Linking CXX executable ple_parity
[161/162] Linking CXX executable iq_parity
[162/162] Linking CXX executable strata
